[0/2] Re-checking globbed directories...
ninja: no work to do.
[0/2] Re-checking globbed directories...
ninja: no work to do.
Loading net-file from 'juelich_sumo/osm.net.xml.gz' ... done (1741ms).
Loading additional-files from 'juelich_sumo/osm.poly.xml.gz' ... done (162ms).
Loading additional-files from 'juelich_sumo/output.add.xml' ... done (36ms).
Loading route-files incrementally from 'juelich_sumo/osm.passenger.trips.xml'
Loading done.
Simulation version 1.25.0 started via libsumo with time: 0.00.
Simulation ended at time: 30.10.
Reason: Libsumo requested termination.
Statistics (avg of 0):
 RouteLength: 0.00
 Speed: 0.00
 Duration: 0.00
 WaitingTime: 0.00
 TimeLoss: 0.00
 DepartDelay: 0.00
DijkstraRouter answered 4 queries and explored 474.75 edges on average.
DijkstraRouter spent 0.00s answering queries (0.75ms on average).
[sumo-per] Dataset: per_dataset/repeat_a/window.csv
